// Jest Snapshot v1, https://goo.gl/fbAQLP

exports[`Header tests Should match the snapshot 1`] = `
ShallowWrapper {
  "length": 1,
  Symbol(enzyme.__root__): [Circular],
  Symbol(enzyme.__unrendered__): <Header
    logoutUser={[Function]}
    storeMovies={[Function]}
    user={
        Object {
            "signedIn": false,
            "userInfo": Object {
              "email": "",
              "favorites": Array [],
              "id": "",
              "name": "",
              "password": "",
            },
          }
    }
/>,
  Symbol(enzyme.__renderer__): Object {
    "batchedUpdates": [Function],
    "getNode": [Function],
    "render": [Function],
    "simulateEvent": [Function],
    "unmount": [Function],
  },
  Symbol(enzyme.__node__): Object {
    "instance": null,
    "key": undefined,
    "nodeType": "host",
    "props": Object {
      "children": Array [
        <NavLink
          activeClassName="active"
          ariaCurrent="true"
          to="/"
>
          <h1>
                    <span>
                              MOVIE
                    </span>
                    TRACKER
          </h1>
</NavLink>,
        <div
          className="header-box"
>
          <NavLink
                    activeClassName="active"
                    ariaCurrent="true"
                    className="login nav-link"
                    to="/login"
          >
                    Login
          </NavLink>
          <NavLink
                    activeClassName="active"
                    ariaCurrent="true"
                    className="signup nav-link"
                    to="/signup"
          >
                    Sign-up
          </NavLink>
</div>,
      ],
      "className": "header",
    },
    "ref": null,
    "rendered": Array [
      Object {
        "instance": null,
        "key": undefined,
        "nodeType": "function",
        "props": Object {
          "activeClassName": "active",
          "ariaCurrent": "true",
          "children": <h1>
            <span>
                        MOVIE
            </span>
            TRACKER
</h1>,
          "to": "/",
        },
        "ref": null,
        "rendered": Object {
          "instance": null,
          "key": undefined,
          "nodeType": "host",
          "props": Object {
            "children": Array [
              <span>
                MOVIE
</span>,
              "TRACKER",
            ],
          },
          "ref": null,
          "rendered": Array [
            Object {
              "instance": null,
              "key": undefined,
              "nodeType": "host",
              "props": Object {
                "children": "MOVIE",
              },
              "ref": null,
              "rendered": "MOVIE",
              "type": "span",
            },
            "TRACKER",
          ],
          "type": "h1",
        },
        "type": [Function],
      },
      Object {
        "instance": null,
        "key": undefined,
        "nodeType": "host",
        "props": Object {
          "children": Array [
            <NavLink
              activeClassName="active"
              ariaCurrent="true"
              className="login nav-link"
              to="/login"
>
              Login
</NavLink>,
            <NavLink
              activeClassName="active"
              ariaCurrent="true"
              className="signup nav-link"
              to="/signup"
>
              Sign-up
</NavLink>,
          ],
          "className": "header-box",
        },
        "ref": null,
        "rendered": Array [
          Object {
            "instance": null,
            "key": undefined,
            "nodeType": "function",
            "props": Object {
              "activeClassName": "active",
              "ariaCurrent": "true",
              "children": "Login",
              "className": "login nav-link",
              "to": "/login",
            },
            "ref": null,
            "rendered": "Login",
            "type": [Function],
          },
          Object {
            "instance": null,
            "key": undefined,
            "nodeType": "function",
            "props": Object {
              "activeClassName": "active",
              "ariaCurrent": "true",
              "children": "Sign-up",
              "className": "signup nav-link",
              "to": "/signup",
            },
            "ref": null,
            "rendered": "Sign-up",
            "type": [Function],
          },
        ],
        "type": "div",
      },
    ],
    "type": "div",
  },
  Symbol(enzyme.__nodes__): Array [
    Object {
      "instance": null,
      "key": undefined,
      "nodeType": "host",
      "props": Object {
        "children": Array [
          <NavLink
            activeClassName="active"
            ariaCurrent="true"
            to="/"
>
            <h1>
                        <span>
                                    MOVIE
                        </span>
                        TRACKER
            </h1>
</NavLink>,
          <div
            className="header-box"
>
            <NavLink
                        activeClassName="active"
                        ariaCurrent="true"
                        className="login nav-link"
                        to="/login"
            >
                        Login
            </NavLink>
            <NavLink
                        activeClassName="active"
                        ariaCurrent="true"
                        className="signup nav-link"
                        to="/signup"
            >
                        Sign-up
            </NavLink>
</div>,
        ],
        "className": "header",
      },
      "ref": null,
      "rendered": Array [
        Object {
          "instance": null,
          "key": undefined,
          "nodeType": "function",
          "props": Object {
            "activeClassName": "active",
            "ariaCurrent": "true",
            "children": <h1>
              <span>
                            MOVIE
              </span>
              TRACKER
</h1>,
            "to": "/",
          },
          "ref": null,
          "rendered": Object {
            "instance": null,
            "key": undefined,
            "nodeType": "host",
            "props": Object {
              "children": Array [
                <span>
                  MOVIE
</span>,
                "TRACKER",
              ],
            },
            "ref": null,
            "rendered": Array [
              Object {
                "instance": null,
                "key": undefined,
                "nodeType": "host",
                "props": Object {
                  "children": "MOVIE",
                },
                "ref": null,
                "rendered": "MOVIE",
                "type": "span",
              },
              "TRACKER",
            ],
            "type": "h1",
          },
          "type": [Function],
        },
        Object {
          "instance": null,
          "key": undefined,
          "nodeType": "host",
          "props": Object {
            "children": Array [
              <NavLink
                activeClassName="active"
                ariaCurrent="true"
                className="login nav-link"
                to="/login"
>
                Login
</NavLink>,
              <NavLink
                activeClassName="active"
                ariaCurrent="true"
                className="signup nav-link"
                to="/signup"
>
                Sign-up
</NavLink>,
            ],
            "className": "header-box",
          },
          "ref": null,
          "rendered": Array [
            Object {
              "instance": null,
              "key": undefined,
              "nodeType": "function",
              "props": Object {
                "activeClassName": "active",
                "ariaCurrent": "true",
                "children": "Login",
                "className": "login nav-link",
                "to": "/login",
              },
              "ref": null,
              "rendered": "Login",
              "type": [Function],
            },
            Object {
              "instance": null,
              "key": undefined,
              "nodeType": "function",
              "props": Object {
                "activeClassName": "active",
                "ariaCurrent": "true",
                "children": "Sign-up",
                "className": "signup nav-link",
                "to": "/signup",
              },
              "ref": null,
              "rendered": "Sign-up",
              "type": [Function],
            },
          ],
          "type": "div",
        },
      ],
      "type": "div",
    },
  ],
  Symbol(enzyme.__options__): Object {
    "adapter": ReactSixteenAdapter {
      "options": Object {
        "enableComponentDidUpdateOnSetState": true,
      },
    },
  },
}
`;
