// Jest Snapshot v1, https://goo.gl/fbAQLP

exports[`Card tests Should match the snapshot 1`] = `
ShallowWrapper {
  "length": 1,
  Symbol(enzyme.__root__): [Circular],
  Symbol(enzyme.__unrendered__): <Unknown
    user={
        Object {
            "signedIn": false,
            "userInfo": Object {
              "email": "",
              "favorites": Array [],
              "id": "",
              "name": "",
              "password": "",
            },
          }
    }
/>,
  Symbol(enzyme.__renderer__): Object {
    "batchedUpdates": [Function],
    "getNode": [Function],
    "render": [Function],
    "simulateEvent": [Function],
    "unmount": [Function],
  },
  Symbol(enzyme.__node__): Object {
    "instance": null,
    "key": undefined,
    "nodeType": "host",
    "props": Object {
      "children": Array [
        <div>
          <img
                    alt={undefined}
                    src={undefined}
          />
</div>,
        <h2 />,
        <h4>
          Released: 
</h4>,
        <h4>
          Average Review: 
</h4>,
        <h4
          className="overview"
>
          Overview: 
</h4>,
        <button
          className="star-outline"
          onClick={[Function]}
/>,
      ],
      "className": "card",
    },
    "ref": null,
    "rendered": Array [
      Object {
        "instance": null,
        "key": undefined,
        "nodeType": "host",
        "props": Object {
          "children": <img
            alt={undefined}
            src={undefined}
/>,
        },
        "ref": null,
        "rendered": Object {
          "instance": null,
          "key": undefined,
          "nodeType": "host",
          "props": Object {
            "alt": undefined,
            "src": undefined,
          },
          "ref": null,
          "rendered": null,
          "type": "img",
        },
        "type": "div",
      },
      Object {
        "instance": null,
        "key": undefined,
        "nodeType": "host",
        "props": Object {
          "children": undefined,
        },
        "ref": null,
        "rendered": null,
        "type": "h2",
      },
      Object {
        "instance": null,
        "key": undefined,
        "nodeType": "host",
        "props": Object {
          "children": Array [
            "Released: ",
            undefined,
          ],
        },
        "ref": null,
        "rendered": Array [
          "Released: ",
          undefined,
        ],
        "type": "h4",
      },
      Object {
        "instance": null,
        "key": undefined,
        "nodeType": "host",
        "props": Object {
          "children": Array [
            "Average Review: ",
            undefined,
          ],
        },
        "ref": null,
        "rendered": Array [
          "Average Review: ",
          undefined,
        ],
        "type": "h4",
      },
      Object {
        "instance": null,
        "key": undefined,
        "nodeType": "host",
        "props": Object {
          "children": Array [
            "Overview: ",
            undefined,
          ],
          "className": "overview",
        },
        "ref": null,
        "rendered": Array [
          "Overview: ",
          undefined,
        ],
        "type": "h4",
      },
      Object {
        "instance": null,
        "key": undefined,
        "nodeType": "host",
        "props": Object {
          "className": "star-outline",
          "onClick": [Function],
        },
        "ref": null,
        "rendered": null,
        "type": "button",
      },
    ],
    "type": "div",
  },
  Symbol(enzyme.__nodes__): Array [
    Object {
      "instance": null,
      "key": undefined,
      "nodeType": "host",
      "props": Object {
        "children": Array [
          <div>
            <img
                        alt={undefined}
                        src={undefined}
            />
</div>,
          <h2 />,
          <h4>
            Released: 
</h4>,
          <h4>
            Average Review: 
</h4>,
          <h4
            className="overview"
>
            Overview: 
</h4>,
          <button
            className="star-outline"
            onClick={[Function]}
/>,
        ],
        "className": "card",
      },
      "ref": null,
      "rendered": Array [
        Object {
          "instance": null,
          "key": undefined,
          "nodeType": "host",
          "props": Object {
            "children": <img
              alt={undefined}
              src={undefined}
/>,
          },
          "ref": null,
          "rendered": Object {
            "instance": null,
            "key": undefined,
            "nodeType": "host",
            "props": Object {
              "alt": undefined,
              "src": undefined,
            },
            "ref": null,
            "rendered": null,
            "type": "img",
          },
          "type": "div",
        },
        Object {
          "instance": null,
          "key": undefined,
          "nodeType": "host",
          "props": Object {
            "children": undefined,
          },
          "ref": null,
          "rendered": null,
          "type": "h2",
        },
        Object {
          "instance": null,
          "key": undefined,
          "nodeType": "host",
          "props": Object {
            "children": Array [
              "Released: ",
              undefined,
            ],
          },
          "ref": null,
          "rendered": Array [
            "Released: ",
            undefined,
          ],
          "type": "h4",
        },
        Object {
          "instance": null,
          "key": undefined,
          "nodeType": "host",
          "props": Object {
            "children": Array [
              "Average Review: ",
              undefined,
            ],
          },
          "ref": null,
          "rendered": Array [
            "Average Review: ",
            undefined,
          ],
          "type": "h4",
        },
        Object {
          "instance": null,
          "key": undefined,
          "nodeType": "host",
          "props": Object {
            "children": Array [
              "Overview: ",
              undefined,
            ],
            "className": "overview",
          },
          "ref": null,
          "rendered": Array [
            "Overview: ",
            undefined,
          ],
          "type": "h4",
        },
        Object {
          "instance": null,
          "key": undefined,
          "nodeType": "host",
          "props": Object {
            "className": "star-outline",
            "onClick": [Function],
          },
          "ref": null,
          "rendered": null,
          "type": "button",
        },
      ],
      "type": "div",
    },
  ],
  Symbol(enzyme.__options__): Object {
    "adapter": ReactSixteenAdapter {
      "options": Object {
        "enableComponentDidUpdateOnSetState": true,
      },
    },
  },
}
`;
